<!DOCTYPE html>
<html lang="en">

<head>
    <meta charset="UTF-8">
    <meta name="viewport" content="width=device-width, initial-scale=1.0">
    <meta name="description"
        content="Happy coding and have fun, generated by pmvibecoding template - https://github.com/chenxizhang/pmvibecoding, empower every product manager on the planet to achieve more by building their product prototype with AI.">
    <title>Daily Wellness Tracker</title>
    <link rel="stylesheet" href="styles.css">
    <link rel="preconnect" href="https://fonts.googleapis.com">
    <link rel="preconnect" href="https://fonts.gstatic.com" crossorigin>
    <link href="https://fonts.googleapis.com/css2?family=Inter:wght@400;500;600;700&display=swap" rel="stylesheet">
</head>

<body>
    <div class="app-container">
        <!-- Header Section -->
        <header class="header">
            <div class="header-content">
                <h1 class="app-title">Daily Wellness</h1>
                <div class="streak-counter">
                    <span class="streak-icon">üî•</span>
                    <span class="streak-text">
                        <span class="streak-number" id="streakCount">0</span>
                        <span class="streak-label">day streak</span>
                    </span>
                </div>
            </div>
            <div class="date-display" id="dateDisplay"></div>
        </header>

        <!-- Progress Overview -->
        <section class="progress-overview">
            <div class="progress-circle">
                <svg class="progress-ring" width="120" height="120">
                    <circle class="progress-ring-bg" cx="60" cy="60" r="50"></circle>
                    <circle class="progress-ring-fill" cx="60" cy="60" r="50" id="progressCircle"></circle>
                </svg>
                <div class="progress-text">
                    <span class="progress-percentage" id="progressPercentage">0%</span>
                    <span class="progress-label">Complete</span>
                </div>
            </div>
            <div class="daily-stats">
                <div class="stat-item">
                    <span class="stat-value" id="totalStars">0</span>
                    <span class="stat-label">Stars Today</span>
                </div>
                <div class="stat-item">
                    <span class="stat-value" id="completedTasks">0</span>
                    <span class="stat-label">Tasks Done</span>
                </div>
            </div>
        </section>

        <!-- Main Tasks Section -->
        <main class="tasks-container">
            <div class="task-card" data-task="reading">
                <div class="task-header">
                    <div class="task-icon">üìö</div>
                    <h3 class="task-title">Reading</h3>
                    <div class="task-badge" id="readingBadge">Not Started</div>
                </div>
                <div class="task-description">
                    <span class="task-desc-text">Feed your mind with knowledge</span>
                </div>
                <div class="star-rating" data-task="reading">
                    <button class="star-btn" data-level="1" title="1 page read">
                        <span class="star-icon">‚≠ê</span>
                        <span class="star-label">1 page</span>
                    </button>
                    <button class="star-btn" data-level="2" title="5 minutes reading">
                        <span class="star-icon">‚≠ê</span>
                        <span class="star-label">5 min</span>
                    </button>
                    <button class="star-btn" data-level="3" title="15 minutes reading">
                        <span class="star-icon">‚≠ê</span>
                        <span class="star-label">15 min</span>
                    </button>
                </div>
                <div class="task-streak">
                    <span class="task-streak-text">Streak: <span class="task-streak-count" id="readingStreak">0</span>
                        days</span>
                </div>
            </div>

            <div class="task-card" data-task="exercise">
                <div class="task-header">
                    <div class="task-icon">üí™</div>
                    <h3 class="task-title">Exercise</h3>
                    <div class="task-badge" id="exerciseBadge">Not Started</div>
                </div>
                <div class="task-description">
                    <span class="task-desc-text">Strengthen your body and mind</span>
                </div>
                <div class="star-rating" data-task="exercise">
                    <button class="star-btn" data-level="1" title="10 minutes movement">
                        <span class="star-icon">‚≠ê</span>
                        <span class="star-label">10 min</span>
                    </button>
                    <button class="star-btn" data-level="2" title="20 minutes workout">
                        <span class="star-icon">‚≠ê</span>
                        <span class="star-label">20 min</span>
                    </button>
                    <button class="star-btn" data-level="3" title="45 minutes exercise">
                        <span class="star-icon">‚≠ê</span>
                        <span class="star-label">45 min</span>
                    </button>
                </div>
                <div class="task-streak">
                    <span class="task-streak-text">Streak: <span class="task-streak-count" id="exerciseStreak">0</span>
                        days</span>
                </div>
            </div>

            <div class="task-card" data-task="caring">
                <div class="task-header">
                    <div class="task-icon">‚ù§Ô∏è</div>
                    <h3 class="task-title">Self-Care</h3>
                    <div class="task-badge" id="caringBadge">Not Started</div>
                </div>
                <div class="task-description">
                    <span class="task-desc-text">Nurture your wellbeing</span>
                </div>
                <div class="star-rating" data-task="caring">
                    <button class="star-btn" data-level="1" title="5 minutes meditation">
                        <span class="star-icon">‚≠ê</span>
                        <span class="star-label">5 min meditation</span>
                    </button>
                    <button class="star-btn" data-level="2" title="15 minutes self-care">
                        <span class="star-icon">‚≠ê</span>
                        <span class="star-label">15 min care</span>
                    </button>
                    <button class="star-btn" data-level="3" title="30 minutes wellness">
                        <span class="star-icon">‚≠ê</span>
                        <span class="star-label">30 min wellness</span>
                    </button>
                </div>
                <div class="task-streak">
                    <span class="task-streak-text">Streak: <span class="task-streak-count" id="caringStreak">0</span>
                        days</span>
                </div>
            </div>
        </main>

        <!-- Achievement Section -->
        <section class="achievements" id="achievementsSection" style="display: none;">
            <div class="achievement-popup" id="achievementPopup">
                <div class="achievement-content">
                    <div class="achievement-icon">üéâ</div>
                    <h3 class="achievement-title" id="achievementTitle"></h3>
                    <p class="achievement-message" id="achievementMessage"></p>
                </div>
            </div>
        </section>

        <!-- Weekly Summary (initially hidden) -->
        <section class="weekly-summary">
            <button class="summary-toggle" id="summaryToggle">
                <span>View Weekly Progress</span>
                <span class="toggle-icon">üìä</span>
            </button>
            <div class="summary-content" id="summaryContent" style="display: none;">
                <h3>This Week's Progress</h3>
                <div class="weekly-grid" id="weeklyGrid"></div>
            </div>
        </section>
    </div>

    <script src="script.js"></script>
</body>

</html>